// Jest Snapshot v1, https://goo.gl/fbAQLP

exports[`unit it passes camelCase-converted arguments to typescript API 1`] = `
Array [
  Array [
    ";",
    Object {
      "compilerOptions": Object {
        "allowJs": true,
        "experimentalDecorators": true,
        "noEmit": true,
        "target": 99,
      },
      "fileName": "file1.js",
      "reportDiagnostics": true,
      "transformers": Object {
        "before": Array [
          [Function],
        ],
      },
    },
  ],
  Array [
    ";",
    Object {
      "compilerOptions": Object {
        "allowJs": true,
        "experimentalDecorators": true,
        "noEmit": true,
        "target": 99,
      },
      "fileName": "file2.tsx",
      "reportDiagnostics": true,
      "transformers": Object {
        "before": Array [
          [Function],
        ],
      },
    },
  ],
]
`;
